Archive member included to satisfy reference by file (symbol)

c:/program files (x86)/atmel/studio/7.0/toolchain/avr8/avr8-gnu-toolchain/bin/../lib/gcc/avr/5.4.0/avr5\libgcc.a(_divmodsi4.o)
                              LCD.o (__divmodsi4)
c:/program files (x86)/atmel/studio/7.0/toolchain/avr8/avr8-gnu-toolchain/bin/../lib/gcc/avr/5.4.0/avr5\libgcc.a(_negsi2.o)
                              c:/program files (x86)/atmel/studio/7.0/toolchain/avr8/avr8-gnu-toolchain/bin/../lib/gcc/avr/5.4.0/avr5\libgcc.a(_divmodsi4.o) (__negsi2)
c:/program files (x86)/atmel/studio/7.0/toolchain/avr8/avr8-gnu-toolchain/bin/../lib/gcc/avr/5.4.0/avr5\libgcc.a(_exit.o)
                              C:/Program Files (x86)/Atmel/Studio/7.0/Packs/atmel/ATmega_DFP/1.7.374/gcc/dev/atmega32/avr5/crtatmega32.o (exit)
c:/program files (x86)/atmel/studio/7.0/toolchain/avr8/avr8-gnu-toolchain/bin/../lib/gcc/avr/5.4.0/avr5\libgcc.a(_copy_data.o)
                              heap_2.o (__do_copy_data)
c:/program files (x86)/atmel/studio/7.0/toolchain/avr8/avr8-gnu-toolchain/bin/../lib/gcc/avr/5.4.0/avr5\libgcc.a(_clear_bss.o)
                              heap_2.o (__do_clear_bss)
c:/program files (x86)/atmel/studio/7.0/toolchain/avr8/avr8-gnu-toolchain/bin/../lib/gcc/avr/5.4.0/avr5\libgcc.a(_udivmodsi4.o)
                              c:/program files (x86)/atmel/studio/7.0/toolchain/avr8/avr8-gnu-toolchain/bin/../lib/gcc/avr/5.4.0/avr5\libgcc.a(_divmodsi4.o) (__udivmodsi4)
c:/program files (x86)/atmel/studio/7.0/toolchain/avr8/avr8-gnu-toolchain/bin/../lib/gcc/avr/5.4.0/../../../../avr/lib/avr5\libc.a(memcpy.o)
                              queue.o (memcpy)

Discarded input sections

 .data          0x00000000        0x0 C:/Program Files (x86)/Atmel/Studio/7.0/Packs/atmel/ATmega_DFP/1.7.374/gcc/dev/atmega32/avr5/crtatmega32.o
 .bss           0x00000000        0x0 C:/Program Files (x86)/Atmel/Studio/7.0/Packs/atmel/ATmega_DFP/1.7.374/gcc/dev/atmega32/avr5/crtatmega32.o
 .group         0x00000000        0x8 heap_2.o
 .group         0x00000000        0x8 heap_2.o
 .group         0x00000000        0x8 heap_2.o
 .group         0x00000000        0x8 heap_2.o
 .group         0x00000000        0x8 heap_2.o
 .group         0x00000000        0x8 heap_2.o
 .group         0x00000000        0x8 heap_2.o
 .group         0x00000000        0x8 heap_2.o
 .group         0x00000000        0x8 heap_2.o
 .group         0x00000000        0x8 heap_2.o
 .group         0x00000000        0x8 heap_2.o
 .group         0x00000000        0x8 heap_2.o
 .group         0x00000000        0x8 heap_2.o
 .group         0x00000000        0x8 heap_2.o
 .group         0x00000000        0x8 heap_2.o
 .group         0x00000000        0x8 heap_2.o
 .group         0x00000000        0x8 heap_2.o
 .group         0x00000000        0x8 heap_2.o
 .group         0x00000000        0x8 heap_2.o
 .group         0x00000000        0x8 heap_2.o
 .group         0x00000000        0x8 heap_2.o
 .group         0x00000000        0x8 heap_2.o
 .group         0x00000000        0x8 heap_2.o
 .text          0x00000000        0x0 heap_2.o
 .data          0x00000000        0x0 heap_2.o
 .bss           0x00000000        0x0 heap_2.o
 .text.xPortGetFreeHeapSize
                0x00000000        0xa heap_2.o
 .text.vPortInitialiseBlocks
                0x00000000        0x2 heap_2.o
 .group         0x00000000        0x8 LCD.o
 .group         0x00000000        0x8 LCD.o
 .group         0x00000000        0x8 LCD.o
 .group         0x00000000        0x8 LCD.o
 .group         0x00000000        0x8 LCD.o
 .group         0x00000000        0x8 LCD.o
 .group         0x00000000        0x8 LCD.o
 .group         0x00000000        0x8 LCD.o
 .group         0x00000000        0x8 LCD.o
 .group         0x00000000        0x8 LCD.o
 .group         0x00000000        0x8 LCD.o
 .group         0x00000000        0x8 LCD.o
 .group         0x00000000        0x8 LCD.o
 .group         0x00000000        0x8 LCD.o
 .group         0x00000000        0x8 LCD.o
 .group         0x00000000        0x8 LCD.o
 .text          0x00000000        0x0 LCD.o
 .data          0x00000000        0x0 LCD.o
 .bss           0x00000000        0x0 LCD.o
 .text.LCD_write_string
                0x00000000       0x26 LCD.o
 .debug_macro   0x00000000      0xa4e LCD.o
 .debug_macro   0x00000000       0x10 LCD.o
 .debug_macro   0x00000000      0x1c9 LCD.o
 .debug_macro   0x00000000       0x9e LCD.o
 .debug_macro   0x00000000      0xc24 LCD.o
 .debug_macro   0x00000000      0x170 LCD.o
 .debug_macro   0x00000000       0xbd LCD.o
 .debug_macro   0x00000000       0x34 LCD.o
 .debug_macro   0x00000000       0x18 LCD.o
 .debug_macro   0x00000000       0x6c LCD.o
 .group         0x00000000        0x8 list.o
 .group         0x00000000        0x8 list.o
 .group         0x00000000        0x8 list.o
 .group         0x00000000        0x8 list.o
 .group         0x00000000        0x8 list.o
 .group         0x00000000        0x8 list.o
 .group         0x00000000        0x8 list.o
 .group         0x00000000        0x8 list.o
 .group         0x00000000        0x8 list.o
 .group         0x00000000        0x8 list.o
 .group         0x00000000        0x8 list.o
 .group         0x00000000        0x8 list.o
 .group         0x00000000        0x8 list.o
 .group         0x00000000        0x8 list.o
 .group         0x00000000        0x8 list.o
 .group         0x00000000        0x8 list.o
 .group         0x00000000        0x8 list.o
 .group         0x00000000        0x8 list.o
 .group         0x00000000        0x8 list.o
 .group         0x00000000        0x8 list.o
 .group         0x00000000        0x8 list.o
 .group         0x00000000        0x8 list.o
 .text          0x00000000        0x0 list.o
 .data          0x00000000        0x0 list.o
 .bss           0x00000000        0x0 list.o
 .debug_macro   0x00000000      0xa4e list.o
 .debug_macro   0x00000000       0x1c list.o
 .debug_macro   0x00000000      0x10e list.o
 .debug_macro   0x00000000       0x66 list.o
 .debug_macro   0x00000000       0x86 list.o
 .debug_macro   0x00000000      0x1c9 list.o
 .debug_macro   0x00000000       0x10 list.o
 .debug_macro   0x00000000      0x302 list.o
 .debug_macro   0x00000000       0x9e list.o
 .debug_macro   0x00000000      0xc24 list.o
 .debug_macro   0x00000000      0x170 list.o
 .debug_macro   0x00000000       0xbd list.o
 .debug_macro   0x00000000       0x34 list.o
 .debug_macro   0x00000000       0x18 list.o
 .debug_macro   0x00000000       0x6c list.o
 .debug_macro   0x00000000       0x8e list.o
 .debug_macro   0x00000000      0x168 list.o
 .debug_macro   0x00000000       0x83 list.o
 .debug_macro   0x00000000       0x10 list.o
 .debug_macro   0x00000000       0x1f list.o
 .debug_macro   0x00000000      0x45c list.o
 .debug_macro   0x00000000       0xc0 list.o
 .group         0x00000000        0x8 main.o
 .group         0x00000000        0x8 main.o
 .group         0x00000000        0x8 main.o
 .group         0x00000000        0x8 main.o
 .group         0x00000000        0x8 main.o
 .group         0x00000000        0x8 main.o
 .group         0x00000000        0x8 main.o
 .group         0x00000000        0x8 main.o
 .group         0x00000000        0x8 main.o
 .group         0x00000000        0x8 main.o
 .group         0x00000000        0x8 main.o
 .group         0x00000000        0x8 main.o
 .group         0x00000000        0x8 main.o
 .group         0x00000000        0x8 main.o
 .group         0x00000000        0x8 main.o
 .group         0x00000000        0x8 main.o
 .group         0x00000000        0x8 main.o
 .group         0x00000000        0x8 main.o
 .group         0x00000000        0x8 main.o
 .group         0x00000000        0x8 main.o
 .group         0x00000000        0x8 main.o
 .group         0x00000000        0x8 main.o
 .group         0x00000000        0x8 main.o
 .group         0x00000000        0x8 main.o
 .group         0x00000000        0x8 main.o
 .group         0x00000000        0x8 main.o
 .text          0x00000000        0x0 main.o
 .data          0x00000000        0x0 main.o
 .bss           0x00000000        0x0 main.o
 .debug_macro   0x00000000      0xa4e main.o
 .debug_macro   0x00000000       0x10 main.o
 .debug_macro   0x00000000      0x1c9 main.o
 .debug_macro   0x00000000      0x2fc main.o
 .debug_macro   0x00000000       0x9e main.o
 .debug_macro   0x00000000      0xc24 main.o
 .debug_macro   0x00000000      0x170 main.o
 .debug_macro   0x00000000       0xbd main.o
 .debug_macro   0x00000000       0x34 main.o
 .debug_macro   0x00000000       0x18 main.o
 .debug_macro   0x00000000       0x6c main.o
 .debug_macro   0x00000000       0x10 main.o
 .debug_macro   0x00000000      0x166 main.o
 .debug_macro   0x00000000       0x69 main.o
 .debug_macro   0x00000000       0x1c main.o
 .debug_macro   0x00000000      0x168 main.o
 .debug_macro   0x00000000       0x83 main.o
 .debug_macro   0x00000000       0x10 main.o
 .debug_macro   0x00000000       0x1f main.o
 .debug_macro   0x00000000      0x45c main.o
 .debug_macro   0x00000000       0xc0 main.o
 .debug_macro   0x00000000       0x8c main.o
 .group         0x00000000        0x8 port.o
 .group         0x00000000        0x8 port.o
 .group         0x00000000        0x8 port.o
 .group         0x00000000        0x8 port.o
 .group         0x00000000        0x8 port.o
 .group         0x00000000        0x8 port.o
 .group         0x00000000        0x8 port.o
 .group         0x00000000        0x8 port.o
 .group         0x00000000        0x8 port.o
 .group         0x00000000        0x8 port.o
 .group         0x00000000        0x8 port.o
 .group         0x00000000        0x8 port.o
 .group         0x00000000        0x8 port.o
 .group         0x00000000        0x8 port.o
 .group         0x00000000        0x8 port.o
 .group         0x00000000        0x8 port.o
 .group         0x00000000        0x8 port.o
 .group         0x00000000        0x8 port.o
 .group         0x00000000        0x8 port.o
 .group         0x00000000        0x8 port.o
 .group         0x00000000        0x8 port.o
 .group         0x00000000        0x8 port.o
 .group         0x00000000        0x8 port.o
 .group         0x00000000        0x8 port.o
 .text          0x00000000        0x0 port.o
 .data          0x00000000        0x0 port.o
 .bss           0x00000000        0x0 port.o
 .text.vPortEndScheduler
                0x00000000        0x2 port.o
 .debug_macro   0x00000000      0xa4e port.o
 .debug_macro   0x00000000       0x1c port.o
 .debug_macro   0x00000000      0x10e port.o
 .debug_macro   0x00000000       0x66 port.o
 .debug_macro   0x00000000       0x10 port.o
 .debug_macro   0x00000000      0x1c9 port.o
 .debug_macro   0x00000000      0x2fc port.o
 .debug_macro   0x00000000       0x9e port.o
 .debug_macro   0x00000000      0xc24 port.o
 .debug_macro   0x00000000      0x170 port.o
 .debug_macro   0x00000000       0xbd port.o
 .debug_macro   0x00000000       0x34 port.o
 .debug_macro   0x00000000       0x18 port.o
 .debug_macro   0x00000000       0x6c port.o
 .debug_macro   0x00000000       0x86 port.o
 .debug_macro   0x00000000       0x94 port.o
 .debug_macro   0x00000000      0x168 port.o
 .debug_macro   0x00000000       0x83 port.o
 .debug_macro   0x00000000       0x10 port.o
 .debug_macro   0x00000000       0x1f port.o
 .debug_macro   0x00000000      0x45c port.o
 .debug_macro   0x00000000       0xc0 port.o
 .debug_macro   0x00000000       0x8c port.o
 .group         0x00000000        0x8 queue.o
 .group         0x00000000        0x8 queue.o
 .group         0x00000000        0x8 queue.o
 .group         0x00000000        0x8 queue.o
 .group         0x00000000        0x8 queue.o
 .group         0x00000000        0x8 queue.o
 .group         0x00000000        0x8 queue.o
 .group         0x00000000        0x8 queue.o
 .group         0x00000000        0x8 queue.o
 .group         0x00000000        0x8 queue.o
 .group         0x00000000        0x8 queue.o
 .group         0x00000000        0x8 queue.o
 .group         0x00000000        0x8 queue.o
 .group         0x00000000        0x8 queue.o
 .group         0x00000000        0x8 queue.o
 .group         0x00000000        0x8 queue.o
 .group         0x00000000        0x8 queue.o
 .group         0x00000000        0x8 queue.o
 .group         0x00000000        0x8 queue.o
 .group         0x00000000        0x8 queue.o
 .group         0x00000000        0x8 queue.o
 .group         0x00000000        0x8 queue.o
 .group         0x00000000        0x8 queue.o
 .group         0x00000000        0x8 queue.o
 .group         0x00000000        0x8 queue.o
 .group         0x00000000        0x8 queue.o
 .text          0x00000000        0x0 queue.o
 .data          0x00000000        0x0 queue.o
 .bss           0x00000000        0x0 queue.o
 .text.prvInitialiseMutex
                0x00000000       0x20 queue.o
 .text.xQueueCreateMutex
                0x00000000       0x1c queue.o
 .text.xQueueGenericSendFromISR
                0x00000000       0x74 queue.o
 .text.xQueueGiveFromISR
                0x00000000       0x52 queue.o
 .text.xQueueReceiveFromISR
                0x00000000       0x6e queue.o
 .text.xQueuePeekFromISR
                0x00000000       0x2e queue.o
 .text.uxQueueMessagesWaiting
                0x00000000       0x10 queue.o
 .text.uxQueueSpacesAvailable
                0x00000000       0x16 queue.o
 .text.uxQueueMessagesWaitingFromISR
                0x00000000        0x6 queue.o
 .text.vQueueDelete
                0x00000000        0x6 queue.o
 .text.xQueueIsQueueEmptyFromISR
                0x00000000       0x10 queue.o
 .text.xQueueIsQueueFullFromISR
                0x00000000       0x12 queue.o
 .debug_macro   0x00000000      0xa4e queue.o
 .debug_macro   0x00000000       0x1c queue.o
 .debug_macro   0x00000000      0x10e queue.o
 .debug_macro   0x00000000       0x66 queue.o
 .debug_macro   0x00000000       0x86 queue.o
 .debug_macro   0x00000000      0x1c9 queue.o
 .debug_macro   0x00000000       0x10 queue.o
 .debug_macro   0x00000000      0x302 queue.o
 .debug_macro   0x00000000       0x9e queue.o
 .debug_macro   0x00000000      0xc24 queue.o
 .debug_macro   0x00000000      0x170 queue.o
 .debug_macro   0x00000000       0xbd queue.o
 .debug_macro   0x00000000       0x34 queue.o
 .debug_macro   0x00000000       0x18 queue.o
 .debug_macro   0x00000000       0x6c queue.o
 .debug_macro   0x00000000       0x8e queue.o
 .debug_macro   0x00000000      0x168 queue.o
 .debug_macro   0x00000000       0x83 queue.o
 .debug_macro   0x00000000       0x10 queue.o
 .debug_macro   0x00000000       0x1f queue.o
 .debug_macro   0x00000000      0x45c queue.o
 .debug_macro   0x00000000       0xc0 queue.o
 .debug_macro   0x00000000       0x8c queue.o
 .debug_macro   0x00000000       0x94 queue.o
 .group         0x00000000        0x8 tasks.o
 .group         0x00000000        0x8 tasks.o
 .group         0x00000000        0x8 tasks.o
 .group         0x00000000        0x8 tasks.o
 .group         0x00000000        0x8 tasks.o
 .group         0x00000000        0x8 tasks.o
 .group         0x00000000        0x8 tasks.o
 .group         0x00000000        0x8 tasks.o
 .group         0x00000000        0x8 tasks.o
 .group         0x00000000        0x8 tasks.o
 .group         0x00000000        0x8 tasks.o
 .group         0x00000000        0x8 tasks.o
 .group         0x00000000        0x8 tasks.o
 .group         0x00000000        0x8 tasks.o
 .group         0x00000000        0x8 tasks.o
 .group         0x00000000        0x8 tasks.o
 .group         0x00000000        0x8 tasks.o
 .group         0x00000000        0x8 tasks.o
 .group         0x00000000        0x8 tasks.o
 .group         0x00000000        0x8 tasks.o
 .group         0x00000000        0x8 tasks.o
 .group         0x00000000        0x8 tasks.o
 .group         0x00000000        0x8 tasks.o
 .group         0x00000000        0x8 tasks.o
 .group         0x00000000        0x8 tasks.o
 .group         0x00000000        0x8 tasks.o
 .group         0x00000000        0x8 tasks.o
 .text          0x00000000        0x0 tasks.o
 .data          0x00000000        0x0 tasks.o
 .bss           0x00000000        0x0 tasks.o
 .text.vTaskDelete
                0x00000000       0xa2 tasks.o
 .text.vTaskPrioritySet
                0x00000000       0xfc tasks.o
 .text.vTaskEndScheduler
                0x00000000        0xc tasks.o
 .text.xTaskGetTickCount
                0x00000000       0x14 tasks.o
 .text.xTaskGetTickCountFromISR
                0x00000000        0xa tasks.o
 .text.uxTaskGetNumberOfTasks
                0x00000000        0x6 tasks.o
 .text.pcTaskGetName
                0x00000000       0x10 tasks.o
 .text.vTaskDelayUntil
                0x00000000       0x82 tasks.o
 .text.vTaskPlaceOnUnorderedEventList
                0x00000000       0x32 tasks.o
 .text.xTaskRemoveFromUnorderedEventList
                0x00000000       0x74 tasks.o
 .text.xTaskGetCurrentTaskHandle
                0x00000000        0xa tasks.o
 .text.uxTaskResetEventItemValue
                0x00000000       0x2e tasks.o
 .text.ulTaskNotifyTake
                0x00000000       0xae tasks.o
 .text.xTaskNotifyWait
                0x00000000      0x108 tasks.o
 .text.xTaskGenericNotify
                0x00000000      0x10a tasks.o
 .text.xTaskGenericNotifyFromISR
                0x00000000      0x130 tasks.o
 .text.vTaskNotifyGiveFromISR
                0x00000000       0xb6 tasks.o
 .text.xTaskNotifyStateClear
                0x00000000       0x28 tasks.o
 .debug_macro   0x00000000      0xa4e tasks.o
 .debug_macro   0x00000000       0x1c tasks.o
 .debug_macro   0x00000000      0x10e tasks.o
 .debug_macro   0x00000000       0x66 tasks.o
 .debug_macro   0x00000000       0x16 tasks.o
 .debug_macro   0x00000000       0x20 tasks.o
 .debug_macro   0x00000000       0x86 tasks.o
 .debug_macro   0x00000000      0x1c9 tasks.o
 .debug_macro   0x00000000       0x10 tasks.o
 .debug_macro   0x00000000      0x302 tasks.o
 .debug_macro   0x00000000       0x9e tasks.o
 .debug_macro   0x00000000      0xc24 tasks.o
 .debug_macro   0x00000000      0x170 tasks.o
 .debug_macro   0x00000000       0xbd tasks.o
 .debug_macro   0x00000000       0x34 tasks.o
 .debug_macro   0x00000000       0x18 tasks.o
 .debug_macro   0x00000000       0x6c tasks.o
 .debug_macro   0x00000000       0x8e tasks.o
 .debug_macro   0x00000000      0x168 tasks.o
 .debug_macro   0x00000000       0x83 tasks.o
 .debug_macro   0x00000000       0x10 tasks.o
 .debug_macro   0x00000000       0x1f tasks.o
 .debug_macro   0x00000000      0x45c tasks.o
 .debug_macro   0x00000000       0xc0 tasks.o
 .debug_macro   0x00000000       0x8c tasks.o
 .text          0x00000000        0x0 c:/program files (x86)/atmel/studio/7.0/toolchain/avr8/avr8-gnu-toolchain/bin/../lib/gcc/avr/5.4.0/avr5\libgcc.a(_divmodsi4.o)
 .data          0x00000000        0x0 c:/program files (x86)/atmel/studio/7.0/toolchain/avr8/avr8-gnu-toolchain/bin/../lib/gcc/avr/5.4.0/avr5\libgcc.a(_divmodsi4.o)
 .bss           0x00000000        0x0 c:/program files (x86)/atmel/studio/7.0/toolchain/avr8/avr8-gnu-toolchain/bin/../lib/gcc/avr/5.4.0/avr5\libgcc.a(_divmodsi4.o)
 .text.libgcc.mul
                0x00000000        0x0 c:/program files (x86)/atmel/studio/7.0/toolchain/avr8/avr8-gnu-toolchain/bin/../lib/gcc/avr/5.4.0/avr5\libgcc.a(_divmodsi4.o)
 .text.libgcc   0x00000000        0x0 c:/program files (x86)/atmel/studio/7.0/toolchain/avr8/avr8-gnu-toolchain/bin/../lib/gcc/avr/5.4.0/avr5\libgcc.a(_divmodsi4.o)
 .text.libgcc.prologue
                0x00000000        0x0 c:/program files (x86)/atmel/studio/7.0/toolchain/avr8/avr8-gnu-toolchain/bin/../lib/gcc/avr/5.4.0/avr5\libgcc.a(_divmodsi4.o)
 .text.libgcc.builtins
                0x00000000        0x0 c:/program files (x86)/atmel/studio/7.0/toolchain/avr8/avr8-gnu-toolchain/bin/../lib/gcc/avr/5.4.0/avr5\libgcc.a(_divmodsi4.o)
 .text.libgcc.fmul
                0x00000000        0x0 c:/program files (x86)/atmel/studio/7.0/toolchain/avr8/avr8-gnu-toolchain/bin/../lib/gcc/avr/5.4.0/avr5\libgcc.a(_divmodsi4.o)
 .text.libgcc.fixed
                0x00000000        0x0 c:/program files (x86)/atmel/studio/7.0/toolchain/avr8/avr8-gnu-toolchain/bin/../lib/gcc/avr/5.4.0/avr5\libgcc.a(_divmodsi4.o)
 .text          0x00000000        0x0 c:/program files (x86)/atmel/studio/7.0/toolchain/avr8/avr8-gnu-toolchain/bin/../lib/gcc/avr/5.4.0/avr5\libgcc.a(_negsi2.o)
 .data          0x00000000        0x0 c:/program files (x86)/atmel/studio/7.0/toolchain/avr8/avr8-gnu-toolchain/bin/../lib/gcc/avr/5.4.0/avr5\libgcc.a(_negsi2.o)
 .bss           0x00000000        0x0 c:/program files (x86)/atmel/studio/7.0/toolchain/avr8/avr8-gnu-toolchain/bin/../lib/gcc/avr/5.4.0/avr5\libgcc.a(_negsi2.o)
 .text.libgcc.mul
                0x00000000        0x0 c:/program files (x86)/atmel/studio/7.0/toolchain/avr8/avr8-gnu-toolchain/bin/../lib/gcc/avr/5.4.0/avr5\libgcc.a(_negsi2.o)
 .text.libgcc   0x00000000        0x0 c:/program files (x86)/atmel/studio/7.0/toolchain/avr8/avr8-gnu-toolchain/bin/../lib/gcc/avr/5.4.0/avr5\libgcc.a(_negsi2.o)
 .text.libgcc.prologue
                0x00000000        0x0 c:/program files (x86)/atmel/studio/7.0/toolchain/avr8/avr8-gnu-toolchain/bin/../lib/gcc/avr/5.4.0/avr5\libgcc.a(_negsi2.o)
 .text.libgcc.builtins
                0x00000000        0x0 c:/program files (x86)/atmel/studio/7.0/toolchain/avr8/avr8-gnu-toolchain/bin/../lib/gcc/avr/5.4.0/avr5\libgcc.a(_negsi2.o)
 .text.libgcc.fmul
                0x00000000        0x0 c:/program files (x86)/atmel/studio/7.0/toolchain/avr8/avr8-gnu-toolchain/bin/../lib/gcc/avr/5.4.0/avr5\libgcc.a(_negsi2.o)
 .text.libgcc.fixed
                0x00000000        0x0 c:/program files (x86)/atmel/studio/7.0/toolchain/avr8/avr8-gnu-toolchain/bin/../lib/gcc/avr/5.4.0/avr5\libgcc.a(_negsi2.o)
 .text          0x00000000        0x0 c:/program files (x86)/atmel/studio/7.0/toolchain/avr8/avr8-gnu-toolchain/bin/../lib/gcc/avr/5.4.0/avr5\libgcc.a(_exit.o)
 .data          0x00000000        0x0 c:/program files (x86)/atmel/studio/7.0/toolchain/avr8/avr8-gnu-toolchain/bin/../lib/gcc/avr/5.4.0/avr5\libgcc.a(_exit.o)
 .bss           0x00000000        0x0 c:/program files (x86)/atmel/studio/7.0/toolchain/avr8/avr8-gnu-toolchain/bin/../lib/gcc/avr/5.4.0/avr5\libgcc.a(_exit.o)
 .text.libgcc.mul
                0x00000000        0x0 c:/program files (x86)/atmel/studio/7.0/toolchain/avr8/avr8-gnu-toolchain/bin/../lib/gcc/avr/5.4.0/avr5\libgcc.a(_exit.o)
 .text.libgcc.div
                0x00000000        0x0 c:/program files (x86)/atmel/studio/7.0/toolchain/avr8/avr8-gnu-toolchain/bin/../lib/gcc/avr/5.4.0/avr5\libgcc.a(_exit.o)
 .text.libgcc   0x00000000        0x0 c:/program files (x86)/atmel/studio/7.0/toolchain/avr8/avr8-gnu-toolchain/bin/../lib/gcc/avr/5.4.0/avr5\libgcc.a(_exit.o)
 .text.libgcc.prologue
                0x00000000        0x0 c:/program files (x86)/atmel/studio/7.0/toolchain/avr8/avr8-gnu-toolchain/bin/../lib/gcc/avr/5.4.0/avr5\libgcc.a(_exit.o)
 .text.libgcc.builtins
                0x00000000        0x0 c:/program files (x86)/atmel/studio/7.0/toolchain/avr8/avr8-gnu-toolchain/bin/../lib/gcc/avr/5.4.0/avr5\libgcc.a(_exit.o)
 .text.libgcc.fmul
                0x00000000        0x0 c:/program files (x86)/atmel/studio/7.0/toolchain/avr8/avr8-gnu-toolchain/bin/../lib/gcc/avr/5.4.0/avr5\libgcc.a(_exit.o)
 .text.libgcc.fixed
                0x00000000        0x0 c:/program files (x86)/atmel/studio/7.0/toolchain/avr8/avr8-gnu-toolchain/bin/../lib/gcc/avr/5.4.0/avr5\libgcc.a(_exit.o)
 .text          0x00000000        0x0 c:/program files (x86)/atmel/studio/7.0/toolchain/avr8/avr8-gnu-toolchain/bin/../lib/gcc/avr/5.4.0/avr5\libgcc.a(_copy_data.o)
 .data          0x00000000        0x0 c:/program files (x86)/atmel/studio/7.0/toolchain/avr8/avr8-gnu-toolchain/bin/../lib/gcc/avr/5.4.0/avr5\libgcc.a(_copy_data.o)
 .bss           0x00000000        0x0 c:/program files (x86)/atmel/studio/7.0/toolchain/avr8/avr8-gnu-toolchain/bin/../lib/gcc/avr/5.4.0/avr5\libgcc.a(_copy_data.o)
 .text.libgcc.mul
                0x00000000        0x0 c:/program files (x86)/atmel/studio/7.0/toolchain/avr8/avr8-gnu-toolchain/bin/../lib/gcc/avr/5.4.0/avr5\libgcc.a(_copy_data.o)
 .text.libgcc.div
                0x00000000        0x0 c:/program files (x86)/atmel/studio/7.0/toolchain/avr8/avr8-gnu-toolchain/bin/../lib/gcc/avr/5.4.0/avr5\libgcc.a(_copy_data.o)
 .text.libgcc   0x00000000        0x0 c:/program files (x86)/atmel/studio/7.0/toolchain/avr8/avr8-gnu-toolchain/bin/../lib/gcc/avr/5.4.0/avr5\libgcc.a(_copy_data.o)
 .text.libgcc.prologue
                0x00000000        0x0 c:/program files (x86)/atmel/studio/7.0/toolchain/avr8/avr8-gnu-toolchain/bin/../lib/gcc/avr/5.4.0/avr5\libgcc.a(_copy_data.o)
 .text.libgcc.builtins
                0x00000000        0x0 c:/program files (x86)/atmel/studio/7.0/toolchain/avr8/avr8-gnu-toolchain/bin/../lib/gcc/avr/5.4.0/avr5\libgcc.a(_copy_data.o)
 .text.libgcc.fmul
                0x00000000        0x0 c:/program files (x86)/atmel/studio/7.0/toolchain/avr8/avr8-gnu-toolchain/bin/../lib/gcc/avr/5.4.0/avr5\libgcc.a(_copy_data.o)
 .text.libgcc.fixed
                0x00000000        0x0 c:/program files (x86)/atmel/studio/7.0/toolchain/avr8/avr8-gnu-toolchain/bin/../lib/gcc/avr/5.4.0/avr5\libgcc.a(_copy_data.o)
 .text          0x00000000        0x0 c:/program files (x86)/atmel/studio/7.0/toolchain/avr8/avr8-gnu-toolchain/bin/../lib/gcc/avr/5.4.0/avr5\libgcc.a(_clear_bss.o)
 .data          0x00000000        0x0 c:/program files (x86)/atmel/studio/7.0/toolchain/avr8/avr8-gnu-toolchain/bin/../lib/gcc/avr/5.4.0/avr5\libgcc.a(_clear_bss.o)
 .bss           0x00000000        0x0 c:/program files (x86)/atmel/studio/7.0/toolchain/avr8/avr8-gnu-toolchain/bin/../lib/gcc/avr/5.4.0/avr5\libgcc.a(_clear_bss.o)
 .text.libgcc.mul
                0x00000000        0x0 c:/program files (x86)/atmel/studio/7.0/toolchain/avr8/avr8-gnu-toolchain/bin/../lib/gcc/avr/5.4.0/avr5\libgcc.a(_clear_bss.o)
 .text.libgcc.div
                0x00000000        0x0 c:/program files (x86)/atmel/studio/7.0/toolchain/avr8/avr8-gnu-toolchain/bin/../lib/gcc/avr/5.4.0/avr5\libgcc.a(_clear_bss.o)
 .text.libgcc   0x00000000        0x0 c:/program files (x86)/atmel/studio/7.0/toolchain/avr8/avr8-gnu-toolchain/bin/../lib/gcc/avr/5.4.0/avr5\libgcc.a(_clear_bss.o)
 .text.libgcc.prologue
                0x00000000        0x0 c:/program files (x86)/atmel/studio/7.0/toolchain/avr8/avr8-gnu-toolchain/bin/../lib/gcc/avr/5.4.0/avr5\libgcc.a(_clear_bss.o)
 .text.libgcc.builtins
                0x00000000        0x0 c:/program files (x86)/atmel/studio/7.0/toolchain/avr8/avr8-gnu-toolchain/bin/../lib/gcc/avr/5.4.0/avr5\libgcc.a(_clear_bss.o)
 .text.libgcc.fmul
                0x00000000        0x0 c:/program files (x86)/atmel/studio/7.0/toolchain/avr8/avr8-gnu-toolchain/bin/../lib/gcc/avr/5.4.0/avr5\libgcc.a(_clear_bss.o)
 .text.libgcc.fixed
                0x00000000        0x0 c:/program files (x86)/atmel/studio/7.0/toolchain/avr8/avr8-gnu-toolchain/bin/../lib/gcc/avr/5.4.0/avr5\libgcc.a(_clear_bss.o)
 .text          0x00000000        0x0 c:/program files (x86)/atmel/studio/7.0/toolchain/avr8/avr8-gnu-toolchain/bin/../lib/gcc/avr/5.4.0/avr5\libgcc.a(_udivmodsi4.o)
 .data          0x00000000        0x0 c:/program files (x86)/atmel/studio/7.0/toolchain/avr8/avr8-gnu-toolchain/bin/../lib/gcc/avr/5.4.0/avr5\libgcc.a(_udivmodsi4.o)
 .bss           0x00000000        0x0 c:/program files (x86)/atmel/studio/7.0/toolchain/avr8/avr8-gnu-toolchain/bin/../lib/gcc/avr/5.4.0/avr5\libgcc.a(_udivmodsi4.o)
 .text.libgcc.mul
                0x00000000        0x0 c:/program files (x86)/atmel/studio/7.0/toolchain/avr8/avr8-gnu-toolchain/bin/../lib/gcc/avr/5.4.0/avr5\libgcc.a(_udivmodsi4.o)
 .text.libgcc   0x00000000        0x0 c:/program files (x86)/atmel/studio/7.0/toolchain/avr8/avr8-gnu-toolchain/bin/../lib/gcc/avr/5.4.0/avr5\libgcc.a(_udivmodsi4.o)
 .text.libgcc.prologue
                0x00000000        0x0 c:/program files (x86)/atmel/studio/7.0/toolchain/avr8/avr8-gnu-toolchain/bin/../lib/gcc/avr/5.4.0/avr5\libgcc.a(_udivmodsi4.o)
 .text.libgcc.builtins
                0x00000000        0x0 c:/program files (x86)/atmel/studio/7.0/toolchain/avr8/avr8-gnu-toolchain/bin/../lib/gcc/avr/5.4.0/avr5\libgcc.a(_udivmodsi4.o)
 .text.libgcc.fmul
                0x00000000        0x0 c:/program files (x86)/atmel/studio/7.0/toolchain/avr8/avr8-gnu-toolchain/bin/../lib/gcc/avr/5.4.0/avr5\libgcc.a(_udivmodsi4.o)
 .text.libgcc.fixed
                0x00000000        0x0 c:/program files (x86)/atmel/studio/7.0/toolchain/avr8/avr8-gnu-toolchain/bin/../lib/gcc/avr/5.4.0/avr5\libgcc.a(_udivmodsi4.o)
 .text          0x00000000        0x0 c:/program files (x86)/atmel/studio/7.0/toolchain/avr8/avr8-gnu-toolchain/bin/../lib/gcc/avr/5.4.0/../../../../avr/lib/avr5\libc.a(memcpy.o)
 .data          0x00000000        0x0 c:/program files (x86)/atmel/studio/7.0/toolchain/avr8/avr8-gnu-toolchain/bin/../lib/gcc/avr/5.4.0/../../../../avr/lib/avr5\libc.a(memcpy.o)
 .bss           0x00000000        0x0 c:/program files (x86)/atmel/studio/7.0/toolchain/avr8/avr8-gnu-toolchain/bin/../lib/gcc/avr/5.4.0/../../../../avr/lib/avr5\libc.a(memcpy.o)

Memory Configuration

Name             Origin             Length             Attributes
text             0x00000000         0x00008000         xr
data             0x00800060         0x00000800         rw !x
eeprom           0x00810000         0x00000400         rw !x
fuse             0x00820000         0x00000002         rw !x
lock             0x00830000         0x00000400         rw !x
signature        0x00840000         0x00000400         rw !x
user_signatures  0x00850000         0x00000400         rw !x
*default*        0x00000000         0xffffffff

Linker script and memory map

LOAD C:/Program Files (x86)/Atmel/Studio/7.0/Packs/atmel/ATmega_DFP/1.7.374/gcc/dev/atmega32/avr5/crtatmega32.o
LOAD heap_2.o
LOAD LCD.o
LOAD list.o
LOAD main.o
LOAD port.o
LOAD queue.o
LOAD tasks.o
START GROUP
LOAD c:/program files (x86)/atmel/studio/7.0/toolchain/avr8/avr8-gnu-toolchain/bin/../lib/gcc/avr/5.4.0/../../../../avr/lib/avr5\libm.a
END GROUP
START GROUP
LOAD c:/program files (x86)/atmel/studio/7.0/toolchain/avr8/avr8-gnu-toolchain/bin/../lib/gcc/avr/5.4.0/avr5\libgcc.a
LOAD c:/program files (x86)/atmel/studio/7.0/toolchain/avr8/avr8-gnu-toolchain/bin/../lib/gcc/avr/5.4.0/../../../../avr/lib/avr5\libm.a
LOAD c:/program files (x86)/atmel/studio/7.0/toolchain/avr8/avr8-gnu-toolchain/bin/../lib/gcc/avr/5.4.0/../../../../avr/lib/avr5\libc.a
LOAD C:/Program Files (x86)/Atmel/Studio/7.0/Packs/atmel/ATmega_DFP/1.7.374/gcc/dev/atmega32/avr5\libatmega32.a
END GROUP
                0x00000000                __TEXT_REGION_ORIGIN__ = DEFINED (__TEXT_REGION_ORIGIN__)?__TEXT_REGION_ORIGIN__:0x0
                [0x00800060]                __DATA_REGION_ORIGIN__ = DEFINED (__DATA_REGION_ORIGIN__)?__DATA_REGION_ORIGIN__:0x800060
                [0x00008000]                __TEXT_REGION_LENGTH__ = DEFINED (__TEXT_REGION_LENGTH__)?__TEXT_REGION_LENGTH__:0x20000
                [0x00000800]                __DATA_REGION_LENGTH__ = DEFINED (__DATA_REGION_LENGTH__)?__DATA_REGION_LENGTH__:0xffa0
                [0x00000400]                __EEPROM_REGION_LENGTH__ = DEFINED (__EEPROM_REGION_LENGTH__)?__EEPROM_REGION_LENGTH__:0x10000
                [0x00000002]                __FUSE_REGION_LENGTH__ = DEFINED (__FUSE_REGION_LENGTH__)?__FUSE_REGION_LENGTH__:0x400
                0x00000400                __LOCK_REGION_LENGTH__ = DEFINED (__LOCK_REGION_LENGTH__)?__LOCK_REGION_LENGTH__:0x400
                0x00000400                __SIGNATURE_REGION_LENGTH__ = DEFINED (__SIGNATURE_REGION_LENGTH__)?__SIGNATURE_REGION_LENGTH__:0x400
                0x00000400                __USER_SIGNATURE_REGION_LENGTH__ = DEFINED (__USER_SIGNATURE_REGION_LENGTH__)?__USER_SIGNATURE_REGION_LENGTH__:0x400

.hash
 *(.hash)

.dynsym
 *(.dynsym)

.dynstr
 *(.dynstr)

.gnu.version
 *(.gnu.version)

.gnu.version_d
 *(.gnu.version_d)

.gnu.version_r
 *(.gnu.version_r)

.rel.init
 *(.rel.init)

.rela.init
 *(.rela.init)

.rel.text
 *(.rel.text)
 *(.rel.text.*)
 *(.rel.gnu.linkonce.t*)

.rela.text
 *(.rela.text)
 *(.rela.text.*)
 *(.rela.gnu.linkonce.t*)

.rel.fini
 *(.rel.fini)

.rela.fini
 *(.rela.fini)

.rel.rodata
 *(.rel.rodata)
 *(.rel.rodata.*)
 *(.rel.gnu.linkonce.r*)

.rela.rodata
 *(.rela.rodata)
 *(.rela.rodata.*)
 *(.rela.gnu.linkonce.r*)

.rel.data
 *(.rel.data)
 *(.rel.data.*)
 *(.rel.gnu.linkonce.d*)

.rela.data
 *(.rela.data)
 *(.rela.data.*)
 *(.rela.gnu.linkonce.d*)

.rel.ctors
 *(.rel.ctors)

.rela.ctors
 *(.rela.ctors)

.rel.dtors
 *(.rel.dtors)

.rela.dtors
 *(.rela.dtors)

.rel.got
 *(.rel.got)

.rela.got
 *(.rela.got)

.rel.bss
 *(.rel.bss)

.rela.bss
 *(.rela.bss)

.rel.plt
 *(.rel.plt)

.rela.plt
 *(.rela.plt)

.text           0x00000000     0x1a0c
 *(.vectors)
 .vectors       0x00000000       0x54 C:/Program Files (x86)/Atmel/Studio/7.0/Packs/atmel/ATmega_DFP/1.7.374/gcc/dev/atmega32/avr5/crtatmega32.o
                0x00000000                __vector_default
                0x00000000                __vectors
 *(.vectors)
 *(.progmem.gcc*)
                0x00000054                . = ALIGN (0x2)
                0x00000054                __trampolines_start = .
 *(.trampolines)
 .trampolines   0x00000054        0x0 linker stubs
 *(.trampolines*)
                0x00000054                __trampolines_end = .
 *libprintf_flt.a:*(.progmem.data)
 *libc.a:*(.progmem.data)
 *(.progmem*)
                0x00000054                . = ALIGN (0x2)
 *(.jumptables)
 *(.jumptables*)
 *(.lowtext)
 *(.lowtext*)
                0x00000054                __ctors_start = .
 *(.ctors)
                0x00000054                __ctors_end = .
                0x00000054                __dtors_start = .
 *(.dtors)
                0x00000054                __dtors_end = .
 SORT(*)(.ctors)
 SORT(*)(.dtors)
 *(.init0)
 .init0         0x00000054        0x0 C:/Program Files (x86)/Atmel/Studio/7.0/Packs/atmel/ATmega_DFP/1.7.374/gcc/dev/atmega32/avr5/crtatmega32.o
                0x00000054                __init
 *(.init0)
 *(.init1)
 *(.init1)
 *(.init2)
 .init2         0x00000054        0xc C:/Program Files (x86)/Atmel/Studio/7.0/Packs/atmel/ATmega_DFP/1.7.374/gcc/dev/atmega32/avr5/crtatmega32.o
 *(.init2)
 *(.init3)
 *(.init3)
 *(.init4)
 .init4         0x00000060       0x16 c:/program files (x86)/atmel/studio/7.0/toolchain/avr8/avr8-gnu-toolchain/bin/../lib/gcc/avr/5.4.0/avr5\libgcc.a(_copy_data.o)
                0x00000060                __do_copy_data
 .init4         0x00000076       0x10 c:/program files (x86)/atmel/studio/7.0/toolchain/avr8/avr8-gnu-toolchain/bin/../lib/gcc/avr/5.4.0/avr5\libgcc.a(_clear_bss.o)
                0x00000076                __do_clear_bss
 *(.init4)
 *(.init5)
 *(.init5)
 *(.init6)
 *(.init6)
 *(.init7)
 *(.init7)
 *(.init8)
 *(.init8)
 *(.init9)
 .init9         0x00000086        0x8 C:/Program Files (x86)/Atmel/Studio/7.0/Packs/atmel/ATmega_DFP/1.7.374/gcc/dev/atmega32/avr5/crtatmega32.o
 *(.init9)
 *(.text)
 .text          0x0000008e        0x4 C:/Program Files (x86)/Atmel/Studio/7.0/Packs/atmel/ATmega_DFP/1.7.374/gcc/dev/atmega32/avr5/crtatmega32.o
                0x0000008e                __vector_1
                0x0000008e                __vector_12
                0x0000008e                __bad_interrupt
                0x0000008e                __vector_6
                0x0000008e                __vector_3
                0x0000008e                __vector_11
                0x0000008e                __vector_13
                0x0000008e                __vector_17
                0x0000008e                __vector_19
                0x0000008e                __vector_5
                0x0000008e                __vector_4
                0x0000008e                __vector_9
                0x0000008e                __vector_2
                0x0000008e                __vector_15
                0x0000008e                __vector_8
                0x0000008e                __vector_14
                0x0000008e                __vector_10
                0x0000008e                __vector_16
                0x0000008e                __vector_18
                0x0000008e                __vector_20
                0x00000092                . = ALIGN (0x2)
 *(.text.*)
 .text.prvHeapInit
                0x00000092       0x36 heap_2.o
 .text.pvPortMalloc
                0x000000c8       0xf8 heap_2.o
                0x000000c8                pvPortMalloc
 .text.vPortFree
                0x000001c0       0x66 heap_2.o
                0x000001c0                vPortFree
 .text.LCD_write_char
                0x00000226       0xe0 LCD.o
                0x00000226                LCD_write_char
 .text.LCD_write_command
                0x00000306       0xe0 LCD.o
                0x00000306                LCD_write_command
 .text.LCD_init
                0x000003e6       0x6e LCD.o
                0x000003e6                LCD_init
 .text.LCD_write_number
                0x00000454       0xba LCD.o
                0x00000454                LCD_write_number
 .text.vListInitialise
                0x0000050e       0x1c list.o
                0x0000050e                vListInitialise
 .text.vListInitialiseItem
                0x0000052a        0x8 list.o
                0x0000052a                vListInitialiseItem
 .text.vListInsertEnd
                0x00000532       0x42 list.o
                0x00000532                vListInsertEnd
 .text.vListInsert
                0x00000574       0x62 list.o
                0x00000574                vListInsert
 .text.uxListRemove
                0x000005d6       0x4c list.o
                0x000005d6                uxListRemove
 .text.task1    0x00000622       0x54 main.o
                0x00000622                task1
 .text.task2    0x00000676       0x54 main.o
                0x00000676                task2
 .text.led_button
                0x000006ca       0x2e main.o
                0x000006ca                led_button
 .text.main     0x000006f8       0x80 main.o
                0x000006f8                main
 .text.prvSetupTimerInterrupt
                0x00000778       0x12 port.o
 .text.pxPortInitialiseStack
                0x0000078a       0xd8 port.o
                0x0000078a                pxPortInitialiseStack
 .text.xPortStartScheduler
                0x00000862       0x5e port.o
                0x00000862                xPortStartScheduler
 .text.vPortYield
                0x000008c0       0xb2 port.o
                0x000008c0                vPortYield
 .text.vPortYieldFromTick
                0x00000972       0xb8 port.o
                0x00000972                vPortYieldFromTick
 .text.__vector_7
                0x00000a2a        0x6 port.o
                0x00000a2a                __vector_7
 .text.prvIsQueueEmpty
                0x00000a30       0x1a queue.o
 .text.prvIsQueueFull
                0x00000a4a       0x1c queue.o
 .text.prvCopyDataToQueue
                0x00000a66       0xbe queue.o
 .text.prvCopyDataFromQueue
                0x00000b24       0x34 queue.o
 .text.prvUnlockQueue
                0x00000b58       0x68 queue.o
 .text.xQueueGenericReset
                0x00000bc0       0x8c queue.o
                0x00000bc0                xQueueGenericReset
 .text.prvInitialiseNewQueue
                0x00000c4c       0x26 queue.o
 .text.xQueueGenericCreate
                0x00000c72       0x54 queue.o
                0x00000c72                xQueueGenericCreate
 .text.xQueueGenericSend
                0x00000cc6      0x124 queue.o
                0x00000cc6                xQueueGenericSend
 .text.xQueueGenericReceive
                0x00000dea      0x182 queue.o
                0x00000dea                xQueueGenericReceive
 .text.prvResetNextTaskUnblockTime
                0x00000f6c       0x3e tasks.o
 .text.prvDeleteTCB
                0x00000faa       0x1a tasks.o
 .text.prvInitialiseNewTask
                0x00000fc4       0xd6 tasks.o
 .text.prvInitialiseTaskLists
                0x0000109a       0x66 tasks.o
 .text.prvAddNewTaskToReadyList
                0x00001100       0xb8 tasks.o
 .text.prvAddCurrentTaskToDelayedList
                0x000011b8       0x88 tasks.o
 .text.xTaskCreate
                0x00001240       0xa8 tasks.o
                0x00001240                xTaskCreate
 .text.vTaskStartScheduler
                0x000012e8       0x54 tasks.o
                0x000012e8                vTaskStartScheduler
 .text.vTaskSuspendAll
                0x0000133c        0xc tasks.o
                0x0000133c                vTaskSuspendAll
 .text.xTaskIncrementTick
                0x00001348      0x174 tasks.o
                0x00001348                xTaskIncrementTick
 .text.xTaskResumeAll
                0x000014bc       0xe4 tasks.o
                0x000014bc                xTaskResumeAll
 .text.vTaskDelay
                0x000015a0       0x2c tasks.o
                0x000015a0                vTaskDelay
 .text.prvCheckTasksWaitingTermination
                0x000015cc       0x5c tasks.o
 .text.prvIdleTask
                0x00001628        0x6 tasks.o
 .text.vTaskSwitchContext
                0x0000162e       0xa8 tasks.o
                0x0000162e                vTaskSwitchContext
 .text.vTaskPlaceOnEventList
                0x000016d6       0x24 tasks.o
                0x000016d6                vTaskPlaceOnEventList
 .text.xTaskRemoveFromEventList
                0x000016fa       0x90 tasks.o
                0x000016fa                xTaskRemoveFromEventList
 .text.vTaskSetTimeOutState
                0x0000178a       0x16 tasks.o
                0x0000178a                vTaskSetTimeOutState
 .text.xTaskCheckForTimeOut
                0x000017a0       0x64 tasks.o
                0x000017a0                xTaskCheckForTimeOut
 .text.vTaskMissedYield
                0x00001804        0x8 tasks.o
                0x00001804                vTaskMissedYield
 .text.vTaskPriorityInherit
                0x0000180c       0xc4 tasks.o
                0x0000180c                vTaskPriorityInherit
 .text.xTaskPriorityDisinherit
                0x000018d0       0x80 tasks.o
                0x000018d0                xTaskPriorityDisinherit
 .text.pvTaskIncrementMutexHeldCount
                0x00001950       0x24 tasks.o
                0x00001950                pvTaskIncrementMutexHeldCount
 .text.libgcc.div
                0x00001974       0x2e c:/program files (x86)/atmel/studio/7.0/toolchain/avr8/avr8-gnu-toolchain/bin/../lib/gcc/avr/5.4.0/avr5\libgcc.a(_divmodsi4.o)
                0x00001974                __divmodsi4
 .text.libgcc.div
                0x000019a2       0x10 c:/program files (x86)/atmel/studio/7.0/toolchain/avr8/avr8-gnu-toolchain/bin/../lib/gcc/avr/5.4.0/avr5\libgcc.a(_negsi2.o)
                0x000019a2                __negsi2
 .text.libgcc.div
                0x000019b2       0x44 c:/program files (x86)/atmel/studio/7.0/toolchain/avr8/avr8-gnu-toolchain/bin/../lib/gcc/avr/5.4.0/avr5\libgcc.a(_udivmodsi4.o)
                0x000019b2                __udivmodsi4
 .text.avr-libc
                0x000019f6       0x12 c:/program files (x86)/atmel/studio/7.0/toolchain/avr8/avr8-gnu-toolchain/bin/../lib/gcc/avr/5.4.0/../../../../avr/lib/avr5\libc.a(memcpy.o)
                0x000019f6                memcpy
                0x00001a08                . = ALIGN (0x2)
 *(.fini9)
 .fini9         0x00001a08        0x0 c:/program files (x86)/atmel/studio/7.0/toolchain/avr8/avr8-gnu-toolchain/bin/../lib/gcc/avr/5.4.0/avr5\libgcc.a(_exit.o)
                0x00001a08                _exit
                0x00001a08                exit
 *(.fini9)
 *(.fini8)
 *(.fini8)
 *(.fini7)
 *(.fini7)
 *(.fini6)
 *(.fini6)
 *(.fini5)
 *(.fini5)
 *(.fini4)
 *(.fini4)
 *(.fini3)
 *(.fini3)
 *(.fini2)
 *(.fini2)
 *(.fini1)
 *(.fini1)
 *(.fini0)
 .fini0         0x00001a08        0x4 c:/program files (x86)/atmel/studio/7.0/toolchain/avr8/avr8-gnu-toolchain/bin/../lib/gcc/avr/5.4.0/avr5\libgcc.a(_exit.o)
 *(.fini0)
                0x00001a0c                _etext = .

.data           0x00800060       0x10 load address 0x00001a0c
                0x00800060                PROVIDE (__data_start, .)
 *(.data)
 *(.data*)
 .data.xFreeBytesRemaining
                0x00800060        0x2 heap_2.o
 *(.gnu.linkonce.d*)
 *(.rodata)
 *(.rodata*)
 .rodata.str1.1
                0x00800062        0x9 main.o
 .rodata.str1.1
                0x0080006b        0x5 tasks.o
 *(.gnu.linkonce.r*)
                0x00800070                . = ALIGN (0x2)
                0x00800070                _edata = .
                0x00800070                PROVIDE (__data_end, .)

.bss            0x00800070      0x47d
                0x00800070                PROVIDE (__bss_start, .)
 *(.bss)
 *(.bss*)
 .bss.xHeapHasBeenInitialised.2079
                0x00800070        0x1 heap_2.o
 .bss.xEnd      0x00800071        0x4 heap_2.o
 .bss.xStart    0x00800075        0x4 heap_2.o
 .bss.ucHeap    0x00800079      0x3e8 heap_2.o
 .bss.lcd_flag  0x00800461        0x2 main.o
                0x00800461                lcd_flag
 .bss.uxSchedulerSuspended
                0x00800463        0x1 tasks.o
 .bss.xIdleTaskHandle
                0x00800464        0x2 tasks.o
 .bss.xNextTaskUnblockTime
                0x00800466        0x2 tasks.o
 .bss.uxTaskNumber
                0x00800468        0x1 tasks.o
 .bss.xNumOfOverflows
                0x00800469        0x1 tasks.o
 .bss.xYieldPending
                0x0080046a        0x1 tasks.o
 .bss.uxPendedTicks
                0x0080046b        0x1 tasks.o
 .bss.xSchedulerRunning
                0x0080046c        0x1 tasks.o
 .bss.uxTopReadyPriority
                0x0080046d        0x1 tasks.o
 .bss.xTickCount
                0x0080046e        0x2 tasks.o
 .bss.uxCurrentNumberOfTasks
                0x00800470        0x1 tasks.o
 .bss.uxDeletedTasksWaitingCleanUp
                0x00800471        0x1 tasks.o
 .bss.xTasksWaitingTermination
                0x00800472        0x9 tasks.o
 .bss.xPendingReadyList
                0x0080047b        0x9 tasks.o
 .bss.pxOverflowDelayedTaskList
                0x00800484        0x2 tasks.o
 .bss.pxDelayedTaskList
                0x00800486        0x2 tasks.o
 .bss.xDelayedTaskList2
                0x00800488        0x9 tasks.o
 .bss.xDelayedTaskList1
                0x00800491        0x9 tasks.o
 .bss.pxReadyTasksLists
                0x0080049a       0x51 tasks.o
 .bss.pxCurrentTCB
                0x008004eb        0x2 tasks.o
                0x008004eb                pxCurrentTCB
 *(COMMON)
                0x008004ed                PROVIDE (__bss_end, .)
                0x00001a0c                __data_load_start = LOADADDR (.data)
                0x00001a1c                __data_load_end = (__data_load_start + SIZEOF (.data))

.noinit         0x008004ed        0x0
                [!provide]                PROVIDE (__noinit_start, .)
 *(.noinit*)
                [!provide]                PROVIDE (__noinit_end, .)
                0x008004ed                _end = .
                [!provide]                PROVIDE (__heap_start, .)

.eeprom         0x00810000        0x0
 *(.eeprom*)
                0x00810000                __eeprom_end = .

.fuse
 *(.fuse)
 *(.lfuse)
 *(.hfuse)
 *(.efuse)

.lock
 *(.lock*)

.signature
 *(.signature*)

.user_signatures
 *(.user_signatures*)

.stab
 *(.stab)

.stabstr
 *(.stabstr)

.stab.excl
 *(.stab.excl)

.stab.exclstr
 *(.stab.exclstr)

.stab.index
 *(.stab.index)

.stab.indexstr
 *(.stab.indexstr)

.comment        0x00000000       0x30
 *(.comment)
 .comment       0x00000000       0x30 heap_2.o
                                 0x31 (size before relaxing)
 .comment       0x00000030       0x31 LCD.o
 .comment       0x00000030       0x31 list.o
 .comment       0x00000030       0x31 main.o
 .comment       0x00000030       0x31 port.o
 .comment       0x00000030       0x31 queue.o
 .comment       0x00000030       0x31 tasks.o

.note.gnu.avr.deviceinfo
                0x00000000       0x3c
 .note.gnu.avr.deviceinfo
                0x00000000       0x3c C:/Program Files (x86)/Atmel/Studio/7.0/Packs/atmel/ATmega_DFP/1.7.374/gcc/dev/atmega32/avr5/crtatmega32.o

.note.gnu.build-id
 *(.note.gnu.build-id)

.debug
 *(.debug)

.line
 *(.line)

.debug_srcinfo
 *(.debug_srcinfo)

.debug_sfnames
 *(.debug_sfnames)

.debug_aranges  0x00000000      0x370
 *(.debug_aranges)
 .debug_aranges
                0x00000000       0x40 heap_2.o
 .debug_aranges
                0x00000040       0x40 LCD.o
 .debug_aranges
                0x00000080       0x40 list.o
 .debug_aranges
                0x000000c0       0x38 main.o
 .debug_aranges
                0x000000f8       0x50 port.o
 .debug_aranges
                0x00000148       0xc8 queue.o
 .debug_aranges
                0x00000210      0x160 tasks.o

.debug_pubnames
 *(.debug_pubnames)

.debug_info     0x00000000     0x4241
 *(.debug_info .gnu.linkonce.wi.*)
 .debug_info    0x00000000      0x4e6 C:/Program Files (x86)/Atmel/Studio/7.0/Packs/atmel/ATmega_DFP/1.7.374/gcc/dev/atmega32/avr5/crtatmega32.o
 .debug_info    0x000004e6      0x32d heap_2.o
 .debug_info    0x00000813      0x56e LCD.o
 .debug_info    0x00000d81      0x2d1 list.o
 .debug_info    0x00001052      0x442 main.o
 .debug_info    0x00001494      0x252 port.o
 .debug_info    0x000016e6     0x116c queue.o
 .debug_info    0x00002852     0x19ef tasks.o

.debug_abbrev   0x00000000      0xfae
 *(.debug_abbrev)
 .debug_abbrev  0x00000000      0x4a3 C:/Program Files (x86)/Atmel/Studio/7.0/Packs/atmel/ATmega_DFP/1.7.374/gcc/dev/atmega32/avr5/crtatmega32.o
 .debug_abbrev  0x000004a3      0x1a3 heap_2.o
 .debug_abbrev  0x00000646      0x17c LCD.o
 .debug_abbrev  0x000007c2       0xfb list.o
 .debug_abbrev  0x000008bd       0xef main.o
 .debug_abbrev  0x000009ac      0x146 port.o
 .debug_abbrev  0x00000af2      0x214 queue.o
 .debug_abbrev  0x00000d06      0x2a8 tasks.o

.debug_line     0x00000000     0x34aa
 *(.debug_line .debug_line.* .debug_line_end)
 .debug_line    0x00000000      0x116 C:/Program Files (x86)/Atmel/Studio/7.0/Packs/atmel/ATmega_DFP/1.7.374/gcc/dev/atmega32/avr5/crtatmega32.o
 .debug_line    0x00000116      0x43c heap_2.o
 .debug_line    0x00000552      0x6ab LCD.o
 .debug_line    0x00000bfd      0x3d6 list.o
 .debug_line    0x00000fd3      0x467 main.o
 .debug_line    0x0000143a      0x4b3 port.o
 .debug_line    0x000018ed      0xa64 queue.o
 .debug_line    0x00002351     0x1159 tasks.o

.debug_frame    0x00000000      0xa80
 *(.debug_frame)
 .debug_frame   0x00000000       0x8c heap_2.o
 .debug_frame   0x0000008c       0x90 LCD.o
 .debug_frame   0x0000011c       0x88 list.o
 .debug_frame   0x000001a4       0x64 main.o
 .debug_frame   0x00000208       0x84 port.o
 .debug_frame   0x0000028c      0x2b0 queue.o
 .debug_frame   0x0000053c      0x544 tasks.o

.debug_str      0x00000000     0xd779
 *(.debug_str)
 .debug_str     0x00000000      0x196 C:/Program Files (x86)/Atmel/Studio/7.0/Packs/atmel/ATmega_DFP/1.7.374/gcc/dev/atmega32/avr5/crtatmega32.o
 .debug_str     0x00000196     0x94cf heap_2.o
                               0x9603 (size before relaxing)
 .debug_str     0x00009665      0xa1a LCD.o
                               0x65e5 (size before relaxing)
 .debug_str     0x0000a07f      0x123 list.o
                               0x8dca (size before relaxing)
 .debug_str     0x0000a1a2      0xe89 main.o
                               0xa73c (size before relaxing)
 .debug_str     0x0000b02b      0x903 port.o
                               0x9ed2 (size before relaxing)
 .debug_str     0x0000b92e      0x7da queue.o
                               0xa405 (size before relaxing)
 .debug_str     0x0000c108     0x1671 tasks.o
                               0xae15 (size before relaxing)

.debug_loc      0x00000000     0x3e16
 *(.debug_loc)
 .debug_loc     0x00000000      0x2a8 heap_2.o
 .debug_loc     0x000002a8      0x593 LCD.o
 .debug_loc     0x0000083b      0x145 list.o
 .debug_loc     0x00000980       0x90 main.o
 .debug_loc     0x00000a10      0x2a0 port.o
 .debug_loc     0x00000cb0     0x14c0 queue.o
 .debug_loc     0x00002170     0x1ca6 tasks.o

.debug_macinfo
 *(.debug_macinfo)

.debug_weaknames
 *(.debug_weaknames)

.debug_funcnames
 *(.debug_funcnames)

.debug_typenames
 *(.debug_typenames)

.debug_varnames
 *(.debug_varnames)

.debug_pubtypes
 *(.debug_pubtypes)

.debug_ranges   0x00000000      0x388
 *(.debug_ranges)
 .debug_ranges  0x00000000       0x30 heap_2.o
 .debug_ranges  0x00000030       0x30 LCD.o
 .debug_ranges  0x00000060       0x30 list.o
 .debug_ranges  0x00000090       0x28 main.o
 .debug_ranges  0x000000b8       0x40 port.o
 .debug_ranges  0x000000f8      0x100 queue.o
 .debug_ranges  0x000001f8      0x190 tasks.o

.debug_macro    0x00000000     0x3b6d
 *(.debug_macro)
 .debug_macro   0x00000000      0x12b heap_2.o
 .debug_macro   0x0000012b      0xa4e heap_2.o
 .debug_macro   0x00000b79       0x1c heap_2.o
 .debug_macro   0x00000b95      0x10e heap_2.o
 .debug_macro   0x00000ca3       0x66 heap_2.o
 .debug_macro   0x00000d09       0x86 heap_2.o
 .debug_macro   0x00000d8f      0x1c9 heap_2.o
 .debug_macro   0x00000f58       0x10 heap_2.o
 .debug_macro   0x00000f68      0x302 heap_2.o
 .debug_macro   0x0000126a       0x9e heap_2.o
 .debug_macro   0x00001308      0xc24 heap_2.o
 .debug_macro   0x00001f2c      0x170 heap_2.o
 .debug_macro   0x0000209c       0xbd heap_2.o
 .debug_macro   0x00002159       0x34 heap_2.o
 .debug_macro   0x0000218d       0x18 heap_2.o
 .debug_macro   0x000021a5       0x6c heap_2.o
 .debug_macro   0x00002211       0x8e heap_2.o
 .debug_macro   0x0000229f      0x168 heap_2.o
 .debug_macro   0x00002407       0x83 heap_2.o
 .debug_macro   0x0000248a       0x10 heap_2.o
 .debug_macro   0x0000249a       0x1f heap_2.o
 .debug_macro   0x000024b9      0x45c heap_2.o
 .debug_macro   0x00002915       0xc0 heap_2.o
 .debug_macro   0x000029d5       0x8c heap_2.o
 .debug_macro   0x00002a61       0xd4 LCD.o
 .debug_macro   0x00002b35      0x2fc LCD.o
 .debug_macro   0x00002e31       0x10 LCD.o
 .debug_macro   0x00002e41      0x166 LCD.o
 .debug_macro   0x00002fa7       0x69 LCD.o
 .debug_macro   0x00003010       0x1c LCD.o
 .debug_macro   0x0000302c       0x34 LCD.o
 .debug_macro   0x00003060       0xfd list.o
 .debug_macro   0x0000315d      0x151 main.o
 .debug_macro   0x000032ae      0x16d main.o
 .debug_macro   0x0000341b       0x94 main.o
 .debug_macro   0x000034af       0x94 main.o
 .debug_macro   0x00003543       0x63 main.o
 .debug_macro   0x000035a6      0x146 port.o
 .debug_macro   0x000036ec       0x63 port.o
 .debug_macro   0x0000374f      0x170 queue.o
 .debug_macro   0x000038bf       0x16 queue.o
 .debug_macro   0x000038d5       0x20 queue.o
 .debug_macro   0x000038f5      0x1d0 tasks.o
 .debug_macro   0x00003ac5       0x97 tasks.o
 .debug_macro   0x00003b5c       0x11 tasks.o
OUTPUT(App1.elf elf32-avr)
LOAD linker stubs
